Change Component Designator: OldDesignator=D1 NewDesignator=D8
Change Component Designator: OldDesignator=D2 NewDesignator=D9
Change Component Designator: OldDesignator=D3 NewDesignator=D10
Change Component Designator: OldDesignator=D4 NewDesignator=D12
Change Component Designator: OldDesignator=D5 NewDesignator=D13
Change Component Designator: OldDesignator=D6 NewDesignator=D14
Change Component Designator: OldDesignator=D7 NewDesignator=D16
Change Component Designator: OldDesignator=D8 NewDesignator=D17
Change Component Designator: OldDesignator=D9 NewDesignator=D18
Change Component Designator: OldDesignator=D10 NewDesignator=D1
Change Component Designator: OldDesignator=D11 NewDesignator=D3
Change Component Designator: OldDesignator=D12 NewDesignator=D5
Change Component Designator: OldDesignator=D13 NewDesignator=D7
Change Component Designator: OldDesignator=D14 NewDesignator=D2
Change Component Designator: OldDesignator=D15 NewDesignator=D4
Change Component Designator: OldDesignator=D16 NewDesignator=D6
Change Component Designator: OldDesignator=D17 NewDesignator=D11
Change Component Designator: OldDesignator=D18 NewDesignator=D15
Change Component Designator: OldDesignator=R1 NewDesignator=R3
Change Component Designator: OldDesignator=R3 NewDesignator=R4
Change Component Designator: OldDesignator=R4 NewDesignator=R5
Change Component Designator: OldDesignator=R5 NewDesignator=R1
Change Net Name : Old Net Name=NetD1_1 New Net Name=NetD8_1
Change Net Name : Old Net Name=NetD2_1 New Net Name=NetD9_1
Change Net Name : Old Net Name=NetD3_1 New Net Name=NetD10_1
Change Net Name : Old Net Name=NetD4_1 New Net Name=NetD12_1
Change Net Name : Old Net Name=NetD5_1 New Net Name=NetD13_1
Change Net Name : Old Net Name=NetD6_1 New Net Name=NetD14_1
Change Net Name : Old Net Name=NetD7_1 New Net Name=NetD16_1
Change Net Name : Old Net Name=NetD8_1 New Net Name=NetD17_1
Change Net Name : Old Net Name=NetD9_1 New Net Name=NetD18_1
Change Net Name : Old Net Name=NetD10_2 New Net Name=NetD1_2
Change Net Name : Old Net Name=NetD10_4 New Net Name=NetD1_4
Change Net Name : Old Net Name=NetD11_4 New Net Name=NetD3_4
Change Net Name : Old Net Name=NetD12_4 New Net Name=NetD5_4
Change Net Name : Old Net Name=NetD13_4 New Net Name=NetD7_4
Change Net Name : Old Net Name=NetD14_2 New Net Name=NetD2_2
Change Net Name : Old Net Name=NetD14_4 New Net Name=NetD2_4
Change Net Name : Old Net Name=NetD15_4 New Net Name=NetD4_4
Change Net Name : Old Net Name=NetD17_4 New Net Name=NetD11_4
Change Net Name : Old Net Name=NetD18_4 New Net Name=NetD15_4
Change Net Name : Old Net Name=NetR5_1 New Net Name=NetR1_1
Change Net Color : Old Net Color=RGB(158, 161, 117) New Net Color=Default
