Update Managed Component D1 From CMP-004-00031-1[1655] To CMP-004-00031-1[1655] in Solo Board1.SchDoc
Update Managed Component D2 From CMP-004-00031-1[1655] To CMP-004-00031-1[1655] in Solo Board1.SchDoc
Update Managed Component D3 From CMP-004-00031-1[1655] To CMP-004-00031-1[1655] in Solo Board1.SchDoc
Update Managed Component D4 From CMP-004-00031-1[1655] To CMP-004-00031-1[1655] in Solo Board1.SchDoc
Update Managed Component D5 From CMP-004-00031-1[1655] To CMP-004-00031-1[1655] in Solo Board1.SchDoc
Update Managed Component D6 From CMP-004-00031-1[1655] To CMP-004-00031-1[1655] in Solo Board1.SchDoc
Update Managed Component D7 From CMP-004-00031-1[1655] To CMP-004-00031-1[1655] in Solo Board1.SchDoc
Update Managed Component D8 From CMP-2000-04932-2[1N4148W-7-F] To CMP-2000-04932-2[1N4148W-7-F] in Solo Board1.SchDoc
Update Managed Component D9 From CMP-2000-04932-2[1N4148W-7-F] To CMP-2000-04932-2[1N4148W-7-F] in Solo Board1.SchDoc
Update Managed Component D10 From CMP-2000-04932-2[1N4148W-7-F] To CMP-2000-04932-2[1N4148W-7-F] in Solo Board1.SchDoc
Update Managed Component D11 From CMP-004-00031-1[1655] To CMP-004-00031-1[1655] in Solo Board1.SchDoc
Update Managed Component D12 From CMP-2000-04932-2[1N4148W-7-F] To CMP-2000-04932-2[1N4148W-7-F] in Solo Board1.SchDoc
Update Managed Component D13 From CMP-2000-04932-2[1N4148W-7-F] To CMP-2000-04932-2[1N4148W-7-F] in Solo Board1.SchDoc
Update Managed Component D14 From CMP-2000-04932-2[1N4148W-7-F] To CMP-2000-04932-2[1N4148W-7-F] in Solo Board1.SchDoc
Update Managed Component D15 From CMP-004-00031-1[1655] To CMP-004-00031-1[1655] in Solo Board1.SchDoc
Update Managed Component D16 From CMP-2000-04932-2[1N4148W-7-F] To CMP-2000-04932-2[1N4148W-7-F] in Solo Board1.SchDoc
Update Managed Component D17 From CMP-2000-04932-2[1N4148W-7-F] To CMP-2000-04932-2[1N4148W-7-F] in Solo Board1.SchDoc
Update Managed Component D18 From CMP-2000-04932-2[1N4148W-7-F] To CMP-2000-04932-2[1N4148W-7-F] in Solo Board1.SchDoc
Update Managed Component D19 From CMP-004-00031-1[1655] To CMP-004-00031-1[1655] in Solo Board1.SchDoc
Update Managed Component H* From CMP-002-00071-4[NPTC042KFMS-RC] To CMP-002-00071-4[NPTC042KFMS-RC] in Solo Board1.SchDoc
Update Managed Component R1 From CMP-009-00122-3[Resistor 470R +/-5% 0805 125 mW] To CMP-009-00122-3[Resistor 470R +/-5% 0805 125 mW] in Solo Board1.SchDoc
Update Managed Component R2 From CMP-009-00018-5[Resistor 10k +/-1% 0805 125 mW] To CMP-009-00018-5[Resistor 10k +/-1% 0805 125 mW] in Solo Board1.SchDoc
Replace Part R3 PTA6043-2015DPB103 in C:\Users\joshu\PCB_Designs\Solo Board1\Solo Board1.SchDoc with PTA6043-2015DPB103 from Schlib1.SchLib
Update Managed Component R4 From CMP-009-00018-5[Resistor 10k +/-1% 0805 125 mW] To CMP-009-00018-5[Resistor 10k +/-1% 0805 125 mW] in Solo Board1.SchDoc
Update Managed Component R5 From CMP-009-00018-5[Resistor 10k +/-1% 0805 125 mW] To CMP-009-00018-5[Resistor 10k +/-1% 0805 125 mW] in Solo Board1.SchDoc
Update Managed Component SW1 From CMP-2000-06718-1[ML1A-11JW] To CMP-2000-06718-1[ML1A-11JW] in Solo Board1.SchDoc
Update Managed Component SW2 From CMP-2000-06718-1[ML1A-11JW] To CMP-2000-06718-1[ML1A-11JW] in Solo Board1.SchDoc
Update Managed Component SW3 From CMP-2000-06718-1[ML1A-11JW] To CMP-2000-06718-1[ML1A-11JW] in Solo Board1.SchDoc
Update Managed Component SW4 From CMP-2000-06718-1[ML1A-11JW] To CMP-2000-06718-1[ML1A-11JW] in Solo Board1.SchDoc
Update Managed Component SW5 From CMP-2000-06718-1[ML1A-11JW] To CMP-2000-06718-1[ML1A-11JW] in Solo Board1.SchDoc
Update Managed Component SW6 From CMP-2000-06718-1[ML1A-11JW] To CMP-2000-06718-1[ML1A-11JW] in Solo Board1.SchDoc
Update Managed Component SW7 From CMP-2000-06718-1[ML1A-11JW] To CMP-2000-06718-1[ML1A-11JW] in Solo Board1.SchDoc
Update Managed Component SW8 From CMP-2000-06718-1[ML1A-11JW] To CMP-2000-06718-1[ML1A-11JW] in Solo Board1.SchDoc
Update Managed Component SW9 From CMP-2000-06718-1[ML1A-11JW] To CMP-2000-06718-1[ML1A-11JW] in Solo Board1.SchDoc
Replace Part U1 KB2040 in C:\Users\joshu\PCB_Designs\Solo Board1\Solo Board1.SchDoc with KB2040 from Schlib1.SchLib
Update Managed Component U2 From CMP-0859-00452-3[SN74LVC1T45DCKR] To CMP-0859-00452-3[SN74LVC1T45DCKR] in Solo Board1.SchDoc
